[0m23:37:42.984673 [debug] [MainThread]: Sending event: {'category': 'dbt', 'action': 'invocation', 'label': 'start', 'context': [<snowplow_tracker.self_describing_json.SelfDescribingJson object at 0x00000201DB6A4850>, <snowplow_tracker.self_describing_json.SelfDescribingJson object at 0x00000201DB6A4D10>, <snowplow_tracker.self_describing_json.SelfDescribingJson object at 0x00000201DB6A4610>]}


============================== 23:37:43.007706 | 73be5759-3db5-4fd9-a343-5009f3534b7c ==============================
[0m23:37:43.007706 [info ] [MainThread]: Running with dbt=1.10.7
[0m23:37:43.010724 [debug] [MainThread]: running dbt with arguments {'printer_width': '80', 'indirect_selection': 'eager', 'write_json': 'True', 'log_cache_events': 'False', 'partial_parse': 'True', 'cache_selected_only': 'False', 'warn_error': 'None', 'debug': 'False', 'version_check': 'True', 'log_path': 'logs', 'profiles_dir': 'C:\\Users\\PrapurnaJagarlamudi\\.dbt', 'fail_fast': 'False', 'use_colors': 'True', 'use_experimental_parser': 'False', 'no_print': 'None', 'quiet': 'False', 'empty': 'None', 'log_format': 'default', 'introspect': 'True', 'static_parser': 'True', 'invocation_command': 'dbt clean', 'target_path': 'None', 'warn_error_options': 'WarnErrorOptionsV2(error=[], warn=[], silence=[])', 'send_anonymous_usage_stats': 'True'}
[0m23:37:43.012713 [error] [MainThread]: Encountered an error:
Runtime Error
  No dbt_project.yml found at expected path C:\Users\PrapurnaJagarlamudi\Documents\dbt-code-gen-running\snowflake1\dbt_project.yml
  Verify that each entry within packages.yml (and their transitive dependencies) contains a file named dbt_project.yml
  
[0m23:37:43.015914 [debug] [MainThread]: Command `dbt clean` failed at 23:37:43.014814 after 0.27 seconds
[0m23:37:43.016916 [debug] [MainThread]: Sending event: {'category': 'dbt', 'action': 'invocation', 'label': 'end', 'context': [<snowplow_tracker.self_describing_json.SelfDescribingJson object at 0x00000201D4C783D0>, <snowplow_tracker.self_describing_json.SelfDescribingJson object at 0x00000201DB43BF90>, <snowplow_tracker.self_describing_json.SelfDescribingJson object at 0x00000201DB69A1D0>]}
[0m23:37:43.018061 [debug] [MainThread]: Flushing usage events
[0m23:37:43.949158 [debug] [MainThread]: An error was encountered while trying to flush usage events
[0m23:38:38.402648 [debug] [MainThread]: Sending event: {'category': 'dbt', 'action': 'invocation', 'label': 'start', 'context': [<snowplow_tracker.self_describing_json.SelfDescribingJson object at 0x00000156CBEE4290>, <snowplow_tracker.self_describing_json.SelfDescribingJson object at 0x00000156CBF009D0>, <snowplow_tracker.self_describing_json.SelfDescribingJson object at 0x00000156CBC9C8D0>]}


============================== 23:38:38.421706 | c7f672b2-9d78-41c7-a589-f8b8b41e2019 ==============================
[0m23:38:38.421706 [info ] [MainThread]: Running with dbt=1.10.7
[0m23:38:38.423673 [debug] [MainThread]: running dbt with arguments {'printer_width': '80', 'indirect_selection': 'eager', 'log_cache_events': 'False', 'write_json': 'True', 'partial_parse': 'True', 'cache_selected_only': 'False', 'warn_error': 'None', 'version_check': 'True', 'debug': 'False', 'log_path': 'logs', 'fail_fast': 'False', 'profiles_dir': 'C:\\Users\\PrapurnaJagarlamudi\\.dbt', 'use_colors': 'True', 'use_experimental_parser': 'False', 'empty': 'None', 'quiet': 'False', 'no_print': 'None', 'log_format': 'default', 'introspect': 'True', 'invocation_command': 'dbt clean', 'warn_error_options': 'WarnErrorOptionsV2(error=[], warn=[], silence=[])', 'target_path': 'None', 'static_parser': 'True', 'send_anonymous_usage_stats': 'True'}
[0m23:38:38.425660 [error] [MainThread]: Encountered an error:
Runtime Error
  No dbt_project.yml found at expected path C:\Users\PrapurnaJagarlamudi\Documents\dbt-code-gen-running\snowflake1\dbt_project.yml
  Verify that each entry within packages.yml (and their transitive dependencies) contains a file named dbt_project.yml
  
[0m23:38:38.428658 [debug] [MainThread]: Command `dbt clean` failed at 23:38:38.428658 after 0.21 seconds
[0m23:38:38.430658 [debug] [MainThread]: Sending event: {'category': 'dbt', 'action': 'invocation', 'label': 'end', 'context': [<snowplow_tracker.self_describing_json.SelfDescribingJson object at 0x00000156CBEE6C10>, <snowplow_tracker.self_describing_json.SelfDescribingJson object at 0x00000156C52C9350>, <snowplow_tracker.self_describing_json.SelfDescribingJson object at 0x00000156CBC9C610>]}
[0m23:38:38.431714 [debug] [MainThread]: Flushing usage events
[0m23:38:39.377584 [debug] [MainThread]: An error was encountered while trying to flush usage events
